******************************************************************************
                  MSP430 Linker PC v4.4.6                      
******************************************************************************
>> Linked Sun Jul 10 16:52:35 2016

OUTPUT FILE NAME:   <ChimeModule3.out>
ENTRY POINT SYMBOL: "_c_int00_noargs_noexit"  address: 0000c260


MEMORY CONFIGURATION

         name            origin    length      used     unused   attr    fill
----------------------  --------  ---------  --------  --------  ----  --------
  SFR                   00000000   00000010  00000000  00000010  RWIX
  PERIPHERALS_8BIT      00000010   000000f0  00000000  000000f0  RWIX
  PERIPHERALS_16BIT     00000100   00000100  00000000  00000100  RWIX
  RAM                   00000200   00000200  00000084  0000017c  RWIX
  INFOD                 00001000   00000040  00000000  00000040  RWIX
  INFOC                 00001040   00000040  00000000  00000040  RWIX
  INFOB                 00001080   00000040  00000000  00000040  RWIX
  INFOA                 000010c0   00000040  00000000  00000040  RWIX
  FLASH                 0000c000   00003fde  000003d0  00003c0e  RWIX
  BSLSIGNATURE          0000ffde   00000002  00000002  00000000  RWIX  ffff 
  INT00                 0000ffe0   00000002  00000002  00000000  RWIX
  INT01                 0000ffe2   00000002  00000000  00000002  RWIX
  INT02                 0000ffe4   00000002  00000002  00000000  RWIX
  INT03                 0000ffe6   00000002  00000002  00000000  RWIX
  INT04                 0000ffe8   00000002  00000000  00000002  RWIX
  INT05                 0000ffea   00000002  00000002  00000000  RWIX
  INT06                 0000ffec   00000002  00000002  00000000  RWIX
  INT07                 0000ffee   00000002  00000002  00000000  RWIX
  INT08                 0000fff0   00000002  00000002  00000000  RWIX
  INT09                 0000fff2   00000002  00000002  00000000  RWIX
  INT10                 0000fff4   00000002  00000002  00000000  RWIX
  INT11                 0000fff6   00000002  00000002  00000000  RWIX
  INT12                 0000fff8   00000002  00000002  00000000  RWIX
  INT13                 0000fffa   00000002  00000002  00000000  RWIX
  INT14                 0000fffc   00000002  00000002  00000000  RWIX
  RESET                 0000fffe   00000002  00000002  00000000  RWIX


SECTION ALLOCATION MAP

 output                                  attributes/
section   page    origin      length       input sections
--------  ----  ----------  ----------   ----------------
.data      0    00000200    0000002a     UNINITIALIZED
                  00000200    00000020     grace.lib : InterruptVectors_init.obj (.data:pattern$2)
                  00000220    00000008     main.obj (.data)
                  00000228    00000002     grace.lib : InterruptVectors_init.obj (.data)

.bss       0    0000022a    0000001a     UNINITIALIZED
                  0000022a    00000018     (.common:sounds)
                  00000242    00000002     (.common:state)

.stack     0    000003c0    00000040     UNINITIALIZED
                  000003c0    00000002     boot.ae430 : boot.oe430 (.stack)
                  000003c2    0000003e     --HOLE--

.text      0    0000c000    000003a6     
                  0000c000    00000098     grace.lib : InterruptVectors_init.obj (.text:TIMER0_A0_ISR_HOOK)
                  0000c098    00000064     rts430_eabi.lib : copy_decompress_rle.obj (.text:__TI_decompress_rle_core)
                  0000c0fc    00000064     boot.ae430 : autoinit.oe430 (.text:_auto_init)
                  0000c160    0000004c     rts430_eabi.lib : lsr16.obj (.text)
                  0000c1ac    00000042     main.obj (.text:_Z12setup_soundsv)
                  0000c1ee    0000003e     grace.lib : GPIO_init.obj (.text:GPIO_graceInit)
                  0000c22c    00000034               : BCSplus_init.obj (.text:BCSplus_graceInit)
                  0000c260    00000026     boot.ae430 : boot_special.oe430 (.text:_c_int00_noargs_noexit)
                  0000c286    00000024     grace.lib : Grace_init.obj (.text:Grace_init)
                  0000c2aa    0000001e     main.obj (.text:_Z9get_statev)
                  0000c2c8    0000001c     grace.lib : System_init.obj (.text:System_graceInit)
                  0000c2e4    00000014               : Timer0_A3_init.obj (.text:Timer0_A3_graceInit)
                  0000c2f8    00000014               : Timer1_A3_init.obj (.text:Timer1_A3_graceInit)
                  0000c30c    00000014     rts430_eabi.lib : copy_zero_init.obj (.text:decompress:ZI:__TI_zero_init)
                  0000c320    00000014                     : mult16.obj (.text)
                  0000c334    00000012                     : copy_decompress_none.obj (.text:decompress:none:__TI_decompress_none)
                  0000c346    00000012     main.obj (.text:main)
                  0000c358    00000012     rts430_eabi.lib : memcpy.obj (.text:memcpy)
                  0000c36a    00000010                     : epilog.obj (.text)
                  0000c37a    0000000e     grace.lib : InterruptVectors_init.obj (.text:PORT1_ISR_HOOK)
                  0000c388    00000008               : WDTplus_init.obj (.text:WDTplus_graceInit)
                  0000c390    00000006     rts430_eabi.lib : isr_trap.obj (.text:_isr:__TI_ISR_TRAP)
                  0000c396    00000006                     : copy_decompress_rle.obj (.text:decompress:rle24:__TI_decompress_rle24)
                  0000c39c    00000004     boot.ae430 : pre_init.oe430 (.text:_system_pre_init)
                  0000c3a0    00000004     rts430_eabi.lib : exit.obj (.text:abort)
                  0000c3a4    00000002     grace.lib : InterruptVectors_init.obj (.text:InterruptVectors_graceInit)

.cinit     0    0000c3a6    0000002a     
                  0000c3a6    00000018     (.cinit..data.load) [load image, compression = rle]
                  0000c3be    00000006     (__TI_handler_table)
                  0000c3c4    00000004     (.cinit..bss.load) [load image, compression = zero_init]
                  0000c3c8    00000008     (__TI_cinit_table)

.init_array 
*          0    0000c000    00000000     UNINITIALIZED

TRAPINT    0    0000ffe0    00000002     
                  0000ffe0    00000002     rts430_eabi.lib : int00.obj (.int00)

.TI.persistent 
*          0    00000200    00000000     UNINITIALIZED

$fill000   0    0000ffde    00000002     
                  0000ffde    00000002     --HOLE-- [fill = ffff]

PORT1      0    0000ffe4    00000002     
                  0000ffe4    00000002     grace.lib : InterruptVectors_init.obj (.int02)

PORT2      0    0000ffe6    00000002     
                  0000ffe6    00000002     rts430_eabi.lib : int03.obj (.int03)

ADC10      0    0000ffea    00000002     
                  0000ffea    00000002     rts430_eabi.lib : int05.obj (.int05)

USCIAB0TX 
*          0    0000ffec    00000002     
                  0000ffec    00000002     rts430_eabi.lib : int06.obj (.int06)

USCIAB0RX 
*          0    0000ffee    00000002     
                  0000ffee    00000002     rts430_eabi.lib : int07.obj (.int07)

TIMER0_A1 
*          0    0000fff0    00000002     
                  0000fff0    00000002     rts430_eabi.lib : int08.obj (.int08)

TIMER0_A0 
*          0    0000fff2    00000002     
                  0000fff2    00000002     grace.lib : InterruptVectors_init.obj (.int09)

WDT        0    0000fff4    00000002     
                  0000fff4    00000002     rts430_eabi.lib : int10.obj (.int10)

COMPARATORA 
*          0    0000fff6    00000002     
                  0000fff6    00000002     rts430_eabi.lib : int11.obj (.int11)

TIMER1_A1 
*          0    0000fff8    00000002     
                  0000fff8    00000002     rts430_eabi.lib : int12.obj (.int12)

TIMER1_A0 
*          0    0000fffa    00000002     
                  0000fffa    00000002     rts430_eabi.lib : int13.obj (.int13)

NMI        0    0000fffc    00000002     
                  0000fffc    00000002     rts430_eabi.lib : int14.obj (.int14)

.reset     0    0000fffe    00000002     
                  0000fffe    00000002     boot.ae430 : boot.oe430 (.reset)

xdc.meta   0    00000000    000000ee     COPY SECTION
                  00000000    000000ee     main_pe430.oe430 (xdc.meta)


LINKER GENERATED COPY TABLES

__TI_cinit_table @ 0000c3c8 records: 2, size/record: 4, table size: 8
	.data: load addr=0000c3a6, load size=00000018 bytes, run addr=00000200, run size=0000002a bytes, compression=rle
	.bss: load addr=0000c3c4, load size=00000004 bytes, run addr=0000022a, run size=0000001a bytes, compression=zero_init


LINKER GENERATED HANDLER TABLE

__TI_handler_table @ 0000c3be records: 3, size/record: 2, table size: 6
	index: 0, handler: __TI_zero_init
	index: 1, handler: __TI_decompress_rle24
	index: 2, handler: __TI_decompress_none


GLOBAL SYMBOLS: SORTED ALPHABETICALLY BY Name 

address   name                            
-------   ----                            
0000004a  ADC10AE0                        
000001b0  ADC10CTL0                       
000001b2  ADC10CTL1                       
00000048  ADC10DTC0                       
00000049  ADC10DTC1                       
000001b4  ADC10MEM                        
000001bc  ADC10SA                         
00000057  BCSCTL1                         
00000058  BCSCTL2                         
00000053  BCSCTL3                         
0000c22c  BCSplus_graceInit               
0000c3a0  C$$EXIT                         
00000059  CACTL1                          
0000005a  CACTL2                          
000010fb  CALBC1_12MHZ                    
000010f9  CALBC1_16MHZ                    
000010ff  CALBC1_1MHZ                     
000010fd  CALBC1_8MHZ                     
000010fa  CALDCO_12MHZ                    
000010f8  CALDCO_16MHZ                    
000010fe  CALDCO_1MHZ                     
000010fc  CALDCO_8MHZ                     
0000005b  CAPD                            
00000056  DCOCTL                          
00000128  FCTL1                           
0000012a  FCTL2                           
0000012c  FCTL3                           
0000c1ee  GPIO_graceInit                  
0000c286  Grace_init                      
00000000  IE1                             
00000001  IE2                             
00000002  IFG1                            
00000003  IFG2                            
0000c3a4  InterruptVectors_graceInit      
00000022  P1DIR                           
00000025  P1IE                            
00000024  P1IES                           
00000023  P1IFG                           
00000020  P1IN                            
00000021  P1OUT                           
00000027  P1REN                           
00000026  P1SEL                           
00000041  P1SEL2                          
0000002a  P2DIR                           
0000002d  P2IE                            
0000002c  P2IES                           
0000002b  P2IFG                           
00000028  P2IN                            
00000029  P2OUT                           
0000002f  P2REN                           
0000002e  P2SEL                           
00000042  P2SEL2                          
0000001a  P3DIR                           
00000018  P3IN                            
00000019  P3OUT                           
00000010  P3REN                           
0000001b  P3SEL                           
00000043  P3SEL2                          
0000c37a  PORT1_ISR_HOOK                  
0000c2c8  System_graceInit                
00000172  TA0CCR0                         
00000174  TA0CCR1                         
00000176  TA0CCR2                         
00000162  TA0CCTL0                        
00000164  TA0CCTL1                        
00000166  TA0CCTL2                        
00000160  TA0CTL                          
0000012e  TA0IV                           
00000170  TA0R                            
00000192  TA1CCR0                         
00000194  TA1CCR1                         
00000196  TA1CCR2                         
00000182  TA1CCTL0                        
00000184  TA1CCTL1                        
00000186  TA1CCTL2                        
00000180  TA1CTL                          
0000011e  TA1IV                           
00000190  TA1R                            
0000c000  TIMER0_A0_ISR_HOOK              
000010db  TLV_ADC10_1_LEN                 
000010da  TLV_ADC10_1_TAG                 
000010c0  TLV_CHECKSUM                    
000010f7  TLV_DCO_30_LEN                  
000010f6  TLV_DCO_30_TAG                  
0000c2e4  Timer0_A3_graceInit             
0000c2f8  Timer1_A3_graceInit             
0000005d  UCA0ABCTL                       
00000062  UCA0BR0                         
00000063  UCA0BR1                         
00000060  UCA0CTL0                        
00000061  UCA0CTL1                        
0000005f  UCA0IRRCTL                      
0000005e  UCA0IRTCTL                      
00000064  UCA0MCTL                        
00000066  UCA0RXBUF                       
00000065  UCA0STAT                        
00000067  UCA0TXBUF                       
0000006a  UCB0BR0                         
0000006b  UCB0BR1                         
00000068  UCB0CTL0                        
00000069  UCB0CTL1                        
0000006c  UCB0I2CIE                       
00000118  UCB0I2COA                       
0000011a  UCB0I2CSA                       
0000006e  UCB0RXBUF                       
0000006d  UCB0STAT                        
0000006f  UCB0TXBUF                       
00000120  WDTCTL                          
0000c388  WDTplus_graceInit               
0000c1ac  _Z12setup_soundsv               
0000c2aa  _Z9get_statev                   
00000000  __ASM__                         
00000064  __ISA__                         
00000076  __PLAT__                        
00000400  __STACK_END                     
00000040  __STACK_SIZE                    
0000009a  __TARG__                        
0000c3c8  __TI_CINIT_Base                 
0000c3d0  __TI_CINIT_Limit                
0000c3be  __TI_Handler_Table_Base         
0000c3c4  __TI_Handler_Table_Limit        
UNDEFED   __TI_INITARRAY_Base             
UNDEFED   __TI_INITARRAY_Limit            
0000c390  __TI_ISR_TRAP                   
0000c334  __TI_decompress_none            
0000c396  __TI_decompress_rle24           
0000ffe0  __TI_int00                      
0000ffe4  __TI_int02                      
0000ffe6  __TI_int03                      
0000ffea  __TI_int05                      
0000ffec  __TI_int06                      
0000ffee  __TI_int07                      
0000fff0  __TI_int08                      
0000fff2  __TI_int09                      
0000fff4  __TI_int10                      
0000fff6  __TI_int11                      
0000fff8  __TI_int12                      
0000fffa  __TI_int13                      
0000fffc  __TI_int14                      
0000c30c  __TI_zero_init                  
000000c6  __TRDR__                        
ffffffff  __binit__                       
ffffffff  __c_args__                      
0000c376  __mspabi_func_epilog_1          
0000c374  __mspabi_func_epilog_2          
0000c372  __mspabi_func_epilog_3          
0000c370  __mspabi_func_epilog_4          
0000c36e  __mspabi_func_epilog_5          
0000c36c  __mspabi_func_epilog_6          
0000c36a  __mspabi_func_epilog_7          
0000c320  __mspabi_mpyi                   
0000c320  __mspabi_mpyi_sw                
0000c160  __mspabi_srli                   
0000c1a6  __mspabi_srli_1                 
0000c182  __mspabi_srli_10                
0000c17e  __mspabi_srli_11                
0000c17a  __mspabi_srli_12                
0000c176  __mspabi_srli_13                
0000c172  __mspabi_srli_14                
0000c16e  __mspabi_srli_15                
0000c1a2  __mspabi_srli_2                 
0000c19e  __mspabi_srli_3                 
0000c19a  __mspabi_srli_4                 
0000c196  __mspabi_srli_5                 
0000c192  __mspabi_srli_6                 
0000c18e  __mspabi_srli_7                 
0000c18a  __mspabi_srli_8                 
0000c186  __mspabi_srli_9                 
0000c0fc  _auto_init                      
0000c260  _c_int00_noargs_noexit          
0000fffe  _reset_vector                   
000003c0  _stack                          
0000c39c  _system_pre_init                
0000c3a0  abort                           
ffffffff  binit                           
00000222  buckled                         
00000224  door                            
0000c346  main                            
0000c358  memcpy                          
00000226  none                            
00000220  run                             
0000022a  sounds                          
00000242  state                           
00000000  xdc_runtime_Startup__EXECFXN__C 
00000000  xdc_runtime_Startup__RESETFXN__C
00000000  xdc_runtime_Startup_exec__E     
00000000  xdc_runtime_Startup_reset__I    


GLOBAL SYMBOLS: SORTED BY Symbol Address 

address   name                            
-------   ----                            
00000000  IE1                             
00000000  __ASM__                         
00000000  xdc_runtime_Startup__EXECFXN__C 
00000000  xdc_runtime_Startup__RESETFXN__C
00000000  xdc_runtime_Startup_exec__E     
00000000  xdc_runtime_Startup_reset__I    
00000001  IE2                             
00000002  IFG1                            
00000003  IFG2                            
00000010  P3REN                           
00000018  P3IN                            
00000019  P3OUT                           
0000001a  P3DIR                           
0000001b  P3SEL                           
00000020  P1IN                            
00000021  P1OUT                           
00000022  P1DIR                           
00000023  P1IFG                           
00000024  P1IES                           
00000025  P1IE                            
00000026  P1SEL                           
00000027  P1REN                           
00000028  P2IN                            
00000029  P2OUT                           
0000002a  P2DIR                           
0000002b  P2IFG                           
0000002c  P2IES                           
0000002d  P2IE                            
0000002e  P2SEL                           
0000002f  P2REN                           
00000040  __STACK_SIZE                    
00000041  P1SEL2                          
00000042  P2SEL2                          
00000043  P3SEL2                          
00000048  ADC10DTC0                       
00000049  ADC10DTC1                       
0000004a  ADC10AE0                        
00000053  BCSCTL3                         
00000056  DCOCTL                          
00000057  BCSCTL1                         
00000058  BCSCTL2                         
00000059  CACTL1                          
0000005a  CACTL2                          
0000005b  CAPD                            
0000005d  UCA0ABCTL                       
0000005e  UCA0IRTCTL                      
0000005f  UCA0IRRCTL                      
00000060  UCA0CTL0                        
00000061  UCA0CTL1                        
00000062  UCA0BR0                         
00000063  UCA0BR1                         
00000064  UCA0MCTL                        
00000064  __ISA__                         
00000065  UCA0STAT                        
00000066  UCA0RXBUF                       
00000067  UCA0TXBUF                       
00000068  UCB0CTL0                        
00000069  UCB0CTL1                        
0000006a  UCB0BR0                         
0000006b  UCB0BR1                         
0000006c  UCB0I2CIE                       
0000006d  UCB0STAT                        
0000006e  UCB0RXBUF                       
0000006f  UCB0TXBUF                       
00000076  __PLAT__                        
0000009a  __TARG__                        
000000c6  __TRDR__                        
00000118  UCB0I2COA                       
0000011a  UCB0I2CSA                       
0000011e  TA1IV                           
00000120  WDTCTL                          
00000128  FCTL1                           
0000012a  FCTL2                           
0000012c  FCTL3                           
0000012e  TA0IV                           
00000160  TA0CTL                          
00000162  TA0CCTL0                        
00000164  TA0CCTL1                        
00000166  TA0CCTL2                        
00000170  TA0R                            
00000172  TA0CCR0                         
00000174  TA0CCR1                         
00000176  TA0CCR2                         
00000180  TA1CTL                          
00000182  TA1CCTL0                        
00000184  TA1CCTL1                        
00000186  TA1CCTL2                        
00000190  TA1R                            
00000192  TA1CCR0                         
00000194  TA1CCR1                         
00000196  TA1CCR2                         
000001b0  ADC10CTL0                       
000001b2  ADC10CTL1                       
000001b4  ADC10MEM                        
000001bc  ADC10SA                         
00000220  run                             
00000222  buckled                         
00000224  door                            
00000226  none                            
0000022a  sounds                          
00000242  state                           
000003c0  _stack                          
00000400  __STACK_END                     
000010c0  TLV_CHECKSUM                    
000010da  TLV_ADC10_1_TAG                 
000010db  TLV_ADC10_1_LEN                 
000010f6  TLV_DCO_30_TAG                  
000010f7  TLV_DCO_30_LEN                  
000010f8  CALDCO_16MHZ                    
000010f9  CALBC1_16MHZ                    
000010fa  CALDCO_12MHZ                    
000010fb  CALBC1_12MHZ                    
000010fc  CALDCO_8MHZ                     
000010fd  CALBC1_8MHZ                     
000010fe  CALDCO_1MHZ                     
000010ff  CALBC1_1MHZ                     
0000c000  TIMER0_A0_ISR_HOOK              
0000c0fc  _auto_init                      
0000c160  __mspabi_srli                   
0000c16e  __mspabi_srli_15                
0000c172  __mspabi_srli_14                
0000c176  __mspabi_srli_13                
0000c17a  __mspabi_srli_12                
0000c17e  __mspabi_srli_11                
0000c182  __mspabi_srli_10                
0000c186  __mspabi_srli_9                 
0000c18a  __mspabi_srli_8                 
0000c18e  __mspabi_srli_7                 
0000c192  __mspabi_srli_6                 
0000c196  __mspabi_srli_5                 
0000c19a  __mspabi_srli_4                 
0000c19e  __mspabi_srli_3                 
0000c1a2  __mspabi_srli_2                 
0000c1a6  __mspabi_srli_1                 
0000c1ac  _Z12setup_soundsv               
0000c1ee  GPIO_graceInit                  
0000c22c  BCSplus_graceInit               
0000c260  _c_int00_noargs_noexit          
0000c286  Grace_init                      
0000c2aa  _Z9get_statev                   
0000c2c8  System_graceInit                
0000c2e4  Timer0_A3_graceInit             
0000c2f8  Timer1_A3_graceInit             
0000c30c  __TI_zero_init                  
0000c320  __mspabi_mpyi                   
0000c320  __mspabi_mpyi_sw                
0000c334  __TI_decompress_none            
0000c346  main                            
0000c358  memcpy                          
0000c36a  __mspabi_func_epilog_7          
0000c36c  __mspabi_func_epilog_6          
0000c36e  __mspabi_func_epilog_5          
0000c370  __mspabi_func_epilog_4          
0000c372  __mspabi_func_epilog_3          
0000c374  __mspabi_func_epilog_2          
0000c376  __mspabi_func_epilog_1          
0000c37a  PORT1_ISR_HOOK                  
0000c388  WDTplus_graceInit               
0000c390  __TI_ISR_TRAP                   
0000c396  __TI_decompress_rle24           
0000c39c  _system_pre_init                
0000c3a0  C$$EXIT                         
0000c3a0  abort                           
0000c3a4  InterruptVectors_graceInit      
0000c3be  __TI_Handler_Table_Base         
0000c3c4  __TI_Handler_Table_Limit        
0000c3c8  __TI_CINIT_Base                 
0000c3d0  __TI_CINIT_Limit                
0000ffe0  __TI_int00                      
0000ffe4  __TI_int02                      
0000ffe6  __TI_int03                      
0000ffea  __TI_int05                      
0000ffec  __TI_int06                      
0000ffee  __TI_int07                      
0000fff0  __TI_int08                      
0000fff2  __TI_int09                      
0000fff4  __TI_int10                      
0000fff6  __TI_int11                      
0000fff8  __TI_int12                      
0000fffa  __TI_int13                      
0000fffc  __TI_int14                      
0000fffe  _reset_vector                   
ffffffff  __binit__                       
ffffffff  __c_args__                      
ffffffff  binit                           
UNDEFED   __TI_INITARRAY_Base             
UNDEFED   __TI_INITARRAY_Limit            

[187 symbols]
